"06-resolve-id.cl", line 4:36, Semantic error: Undefined identifier v
Compilation halted
